Archive member included to satisfy reference by file (symbol)

/usr/local/Cellar/avr-gcc/8.2.0/lib/avr-gcc/8/gcc/avr/8.2.0/../../../../../../avr/lib/avr5/libprintf_flt.a(vfprintf_flt.o)
                              (vfprintf)
/usr/local/Cellar/avr-gcc/8.2.0/lib/avr-gcc/8/gcc/avr/8.2.0/avr5/libgcc.a(_exit.o)
                              /usr/local/Cellar/avr-gcc/8.2.0/lib/avr-gcc/8/gcc/avr/8.2.0/../../../../../../avr/lib/avr5/crtatmega328p.o (exit)
/usr/local/Cellar/avr-gcc/8.2.0/lib/avr-gcc/8/gcc/avr/8.2.0/avr5/libgcc.a(_copy_data.o)
                              main.o (__do_copy_data)
/usr/local/Cellar/avr-gcc/8.2.0/lib/avr-gcc/8/gcc/avr/8.2.0/avr5/libgcc.a(_clear_bss.o)
                              main.o (__do_clear_bss)
/usr/local/Cellar/avr-gcc/8.2.0/lib/avr-gcc/8/gcc/avr/8.2.0/avr5/libgcc.a(_prologue.o)
                              /usr/local/Cellar/avr-gcc/8.2.0/lib/avr-gcc/8/gcc/avr/8.2.0/../../../../../../avr/lib/avr5/libprintf_flt.a(vfprintf_flt.o) (__prologue_saves__)
/usr/local/Cellar/avr-gcc/8.2.0/lib/avr-gcc/8/gcc/avr/8.2.0/avr5/libgcc.a(_epilogue.o)
                              /usr/local/Cellar/avr-gcc/8.2.0/lib/avr-gcc/8/gcc/avr/8.2.0/../../../../../../avr/lib/avr5/libprintf_flt.a(vfprintf_flt.o) (__epilogue_restores__)
/usr/local/Cellar/avr-gcc/8.2.0/lib/avr-gcc/8/gcc/avr/8.2.0/../../../../../../avr/lib/avr5/libm.a(addsf3.o)
                              temp.o (__subsf3)
/usr/local/Cellar/avr-gcc/8.2.0/lib/avr-gcc/8/gcc/avr/8.2.0/../../../../../../avr/lib/avr5/libm.a(addsf3x.o)
                              /usr/local/Cellar/avr-gcc/8.2.0/lib/avr-gcc/8/gcc/avr/8.2.0/../../../../../../avr/lib/avr5/libm.a(addsf3.o) (__addsf3x)
/usr/local/Cellar/avr-gcc/8.2.0/lib/avr-gcc/8/gcc/avr/8.2.0/../../../../../../avr/lib/avr5/libm.a(fixsfsi.o)
                              main.o (__fixsfsi)
/usr/local/Cellar/avr-gcc/8.2.0/lib/avr-gcc/8/gcc/avr/8.2.0/../../../../../../avr/lib/avr5/libm.a(fixunssfsi.o)
                              temp.o (__fixunssfsi)
/usr/local/Cellar/avr-gcc/8.2.0/lib/avr-gcc/8/gcc/avr/8.2.0/../../../../../../avr/lib/avr5/libm.a(floatsisf.o)
                              temp.o (__floatunsisf)
/usr/local/Cellar/avr-gcc/8.2.0/lib/avr-gcc/8/gcc/avr/8.2.0/../../../../../../avr/lib/avr5/libm.a(fp_inf.o)
                              /usr/local/Cellar/avr-gcc/8.2.0/lib/avr-gcc/8/gcc/avr/8.2.0/../../../../../../avr/lib/avr5/libm.a(addsf3x.o) (__fp_inf)
/usr/local/Cellar/avr-gcc/8.2.0/lib/avr-gcc/8/gcc/avr/8.2.0/../../../../../../avr/lib/avr5/libm.a(fp_nan.o)
                              /usr/local/Cellar/avr-gcc/8.2.0/lib/avr-gcc/8/gcc/avr/8.2.0/../../../../../../avr/lib/avr5/libm.a(addsf3x.o) (__fp_nan)
/usr/local/Cellar/avr-gcc/8.2.0/lib/avr-gcc/8/gcc/avr/8.2.0/../../../../../../avr/lib/avr5/libm.a(fp_pscA.o)
                              /usr/local/Cellar/avr-gcc/8.2.0/lib/avr-gcc/8/gcc/avr/8.2.0/../../../../../../avr/lib/avr5/libm.a(addsf3x.o) (__fp_pscA)
/usr/local/Cellar/avr-gcc/8.2.0/lib/avr-gcc/8/gcc/avr/8.2.0/../../../../../../avr/lib/avr5/libm.a(fp_pscB.o)
                              /usr/local/Cellar/avr-gcc/8.2.0/lib/avr-gcc/8/gcc/avr/8.2.0/../../../../../../avr/lib/avr5/libm.a(addsf3x.o) (__fp_pscB)
/usr/local/Cellar/avr-gcc/8.2.0/lib/avr-gcc/8/gcc/avr/8.2.0/../../../../../../avr/lib/avr5/libm.a(fp_round.o)
                              /usr/local/Cellar/avr-gcc/8.2.0/lib/avr-gcc/8/gcc/avr/8.2.0/../../../../../../avr/lib/avr5/libm.a(addsf3.o) (__fp_round)
/usr/local/Cellar/avr-gcc/8.2.0/lib/avr-gcc/8/gcc/avr/8.2.0/../../../../../../avr/lib/avr5/libm.a(fp_split3.o)
                              /usr/local/Cellar/avr-gcc/8.2.0/lib/avr-gcc/8/gcc/avr/8.2.0/../../../../../../avr/lib/avr5/libm.a(addsf3x.o) (__fp_split3)
/usr/local/Cellar/avr-gcc/8.2.0/lib/avr-gcc/8/gcc/avr/8.2.0/../../../../../../avr/lib/avr5/libm.a(fp_zero.o)
                              /usr/local/Cellar/avr-gcc/8.2.0/lib/avr-gcc/8/gcc/avr/8.2.0/../../../../../../avr/lib/avr5/libm.a(addsf3x.o) (__fp_zero)
/usr/local/Cellar/avr-gcc/8.2.0/lib/avr-gcc/8/gcc/avr/8.2.0/../../../../../../avr/lib/avr5/libm.a(gesf2.o)
                              main.o (__gtsf2)
/usr/local/Cellar/avr-gcc/8.2.0/lib/avr-gcc/8/gcc/avr/8.2.0/../../../../../../avr/lib/avr5/libm.a(mulsf3.o)
                              main.o (__mulsf3)
/usr/local/Cellar/avr-gcc/8.2.0/lib/avr-gcc/8/gcc/avr/8.2.0/../../../../../../avr/lib/avr5/libm.a(mulsf3x.o)
                              /usr/local/Cellar/avr-gcc/8.2.0/lib/avr-gcc/8/gcc/avr/8.2.0/../../../../../../avr/lib/avr5/libm.a(mulsf3.o) (__mulsf3x)
/usr/local/Cellar/avr-gcc/8.2.0/lib/avr-gcc/8/gcc/avr/8.2.0/../../../../../../avr/lib/avr5/libm.a(fp_cmp.o)
                              /usr/local/Cellar/avr-gcc/8.2.0/lib/avr-gcc/8/gcc/avr/8.2.0/../../../../../../avr/lib/avr5/libm.a(gesf2.o) (__fp_cmp)
/usr/local/Cellar/avr-gcc/8.2.0/lib/avr-gcc/8/gcc/avr/8.2.0/../../../../../../avr/lib/avr5/libc.a(ftoa_engine.o)
                              /usr/local/Cellar/avr-gcc/8.2.0/lib/avr-gcc/8/gcc/avr/8.2.0/../../../../../../avr/lib/avr5/libprintf_flt.a(vfprintf_flt.o) (__ftoa_engine)
/usr/local/Cellar/avr-gcc/8.2.0/lib/avr-gcc/8/gcc/avr/8.2.0/../../../../../../avr/lib/avr5/libc.a(strnlen_P.o)
                              /usr/local/Cellar/avr-gcc/8.2.0/lib/avr-gcc/8/gcc/avr/8.2.0/../../../../../../avr/lib/avr5/libprintf_flt.a(vfprintf_flt.o) (strnlen_P)
/usr/local/Cellar/avr-gcc/8.2.0/lib/avr-gcc/8/gcc/avr/8.2.0/../../../../../../avr/lib/avr5/libc.a(strnlen.o)
                              /usr/local/Cellar/avr-gcc/8.2.0/lib/avr-gcc/8/gcc/avr/8.2.0/../../../../../../avr/lib/avr5/libprintf_flt.a(vfprintf_flt.o) (strnlen)
/usr/local/Cellar/avr-gcc/8.2.0/lib/avr-gcc/8/gcc/avr/8.2.0/../../../../../../avr/lib/avr5/libc.a(fputc.o)
                              /usr/local/Cellar/avr-gcc/8.2.0/lib/avr-gcc/8/gcc/avr/8.2.0/../../../../../../avr/lib/avr5/libprintf_flt.a(vfprintf_flt.o) (fputc)
/usr/local/Cellar/avr-gcc/8.2.0/lib/avr-gcc/8/gcc/avr/8.2.0/../../../../../../avr/lib/avr5/libc.a(iob.o)
                              serial.o (__iob)
/usr/local/Cellar/avr-gcc/8.2.0/lib/avr-gcc/8/gcc/avr/8.2.0/../../../../../../avr/lib/avr5/libc.a(printf.o)
                              main.o (printf)
/usr/local/Cellar/avr-gcc/8.2.0/lib/avr-gcc/8/gcc/avr/8.2.0/../../../../../../avr/lib/avr5/libc.a(ultoa_invert.o)
                              /usr/local/Cellar/avr-gcc/8.2.0/lib/avr-gcc/8/gcc/avr/8.2.0/../../../../../../avr/lib/avr5/libprintf_flt.a(vfprintf_flt.o) (__ultoa_invert)

Allocating common symbols
Common symbol       size              file

__iob               0x6               /usr/local/Cellar/avr-gcc/8.2.0/lib/avr-gcc/8/gcc/avr/8.2.0/../../../../../../avr/lib/avr5/libc.a(iob.o)

Memory Configuration

Name             Origin             Length             Attributes
text             0x0000000000000000 0x0000000000020000 xr
data             0x0000000000800060 0x000000000000ffa0 rw !x
eeprom           0x0000000000810000 0x0000000000010000 rw !x
fuse             0x0000000000820000 0x0000000000000400 rw !x
lock             0x0000000000830000 0x0000000000000400 rw !x
signature        0x0000000000840000 0x0000000000000400 rw !x
user_signatures  0x0000000000850000 0x0000000000000400 rw !x
*default*        0x0000000000000000 0xffffffffffffffff

Linker script and memory map

Address of section .data set to 0x800100
LOAD /usr/local/Cellar/avr-gcc/8.2.0/lib/avr-gcc/8/gcc/avr/8.2.0/../../../../../../avr/lib/avr5/crtatmega328p.o
LOAD /usr/local/Cellar/avr-gcc/8.2.0/lib/avr-gcc/8/gcc/avr/8.2.0/../../../../../../avr/lib/avr5/libprintf_flt.a
LOAD /usr/local/Cellar/avr-gcc/8.2.0/lib/avr-gcc/8/gcc/avr/8.2.0/../../../../../../avr/lib/avr5/libm.a
LOAD main.o
LOAD serial.o
LOAD adc.o
LOAD timer.o
LOAD temp.o
LOAD predict.o
START GROUP
LOAD /usr/local/Cellar/avr-gcc/8.2.0/lib/avr-gcc/8/gcc/avr/8.2.0/avr5/libgcc.a
LOAD /usr/local/Cellar/avr-gcc/8.2.0/lib/avr-gcc/8/gcc/avr/8.2.0/../../../../../../avr/lib/avr5/libm.a
LOAD /usr/local/Cellar/avr-gcc/8.2.0/lib/avr-gcc/8/gcc/avr/8.2.0/../../../../../../avr/lib/avr5/libc.a
LOAD /usr/local/Cellar/avr-gcc/8.2.0/lib/avr-gcc/8/gcc/avr/8.2.0/../../../../../../avr/lib/avr5/libatmega328p.a
END GROUP
                0x0000000000020000                __TEXT_REGION_LENGTH__ = DEFINED (__TEXT_REGION_LENGTH__)?__TEXT_REGION_LENGTH__:0x20000
                0x000000000000ffa0                __DATA_REGION_LENGTH__ = DEFINED (__DATA_REGION_LENGTH__)?__DATA_REGION_LENGTH__:0xffa0
                0x0000000000010000                __EEPROM_REGION_LENGTH__ = DEFINED (__EEPROM_REGION_LENGTH__)?__EEPROM_REGION_LENGTH__:0x10000
                0x0000000000000400                __FUSE_REGION_LENGTH__ = DEFINED (__FUSE_REGION_LENGTH__)?__FUSE_REGION_LENGTH__:0x400
                0x0000000000000400                __LOCK_REGION_LENGTH__ = DEFINED (__LOCK_REGION_LENGTH__)?__LOCK_REGION_LENGTH__:0x400
                0x0000000000000400                __SIGNATURE_REGION_LENGTH__ = DEFINED (__SIGNATURE_REGION_LENGTH__)?__SIGNATURE_REGION_LENGTH__:0x400
                0x0000000000000400                __USER_SIGNATURE_REGION_LENGTH__ = DEFINED (__USER_SIGNATURE_REGION_LENGTH__)?__USER_SIGNATURE_REGION_LENGTH__:0x400

.hash
 *(.hash)

.dynsym
 *(.dynsym)

.dynstr
 *(.dynstr)

.gnu.version
 *(.gnu.version)

.gnu.version_d
 *(.gnu.version_d)

.gnu.version_r
 *(.gnu.version_r)

.rel.init
 *(.rel.init)

.rela.init
 *(.rela.init)

.rel.text
 *(.rel.text)
 *(.rel.text.*)
 *(.rel.gnu.linkonce.t*)

.rela.text
 *(.rela.text)
 *(.rela.text.*)
 *(.rela.gnu.linkonce.t*)

.rel.fini
 *(.rel.fini)

.rela.fini
 *(.rela.fini)

.rel.rodata
 *(.rel.rodata)
 *(.rel.rodata.*)
 *(.rel.gnu.linkonce.r*)

.rela.rodata
 *(.rela.rodata)
 *(.rela.rodata.*)
 *(.rela.gnu.linkonce.r*)

.rel.data
 *(.rel.data)
 *(.rel.data.*)
 *(.rel.gnu.linkonce.d*)

.rela.data
 *(.rela.data)
 *(.rela.data.*)
 *(.rela.gnu.linkonce.d*)

.rel.ctors
 *(.rel.ctors)

.rela.ctors
 *(.rela.ctors)

.rel.dtors
 *(.rel.dtors)

.rela.dtors
 *(.rela.dtors)

.rel.got
 *(.rel.got)

.rela.got
 *(.rela.got)

.rel.bss
 *(.rel.bss)

.rela.bss
 *(.rela.bss)

.rel.plt
 *(.rel.plt)

.rela.plt
 *(.rela.plt)

.text           0x0000000000000000     0x464c
 *(.vectors)
 .vectors       0x0000000000000000       0x68 /usr/local/Cellar/avr-gcc/8.2.0/lib/avr-gcc/8/gcc/avr/8.2.0/../../../../../../avr/lib/avr5/crtatmega328p.o
                0x0000000000000000                __vectors
                0x0000000000000000                __vector_default
 *(.vectors)
 *(.progmem.gcc*)
                0x0000000000000068                . = ALIGN (0x2)
                0x0000000000000068                __trampolines_start = .
 *(.trampolines)
 .trampolines   0x0000000000000068        0x0 linker stubs
 *(.trampolines*)
                0x0000000000000068                __trampolines_end = .
 *libprintf_flt.a:*(.progmem.data)
 .progmem.data  0x0000000000000068        0x8 /usr/local/Cellar/avr-gcc/8.2.0/lib/avr-gcc/8/gcc/avr/8.2.0/../../../../../../avr/lib/avr5/libprintf_flt.a(vfprintf_flt.o)
 *libc.a:*(.progmem.data)
 .progmem.data  0x0000000000000070       0xfa /usr/local/Cellar/avr-gcc/8.2.0/lib/avr-gcc/8/gcc/avr/8.2.0/../../../../../../avr/lib/avr5/libc.a(ftoa_engine.o)
 *(.progmem.*)
 .progmem.data  0x000000000000016a     0x1f12 predict.o
                0x000000000000016a                T
                0x00000000000002f2                V
                0x0000000000000cca                W
                0x00000000000016a2                Zidx
                0x0000000000001bd8                Zval
                0x0000000000002044                mean
                0x000000000000207c                . = ALIGN (0x2)
 *(.lowtext)
 *(.lowtext*)
                0x000000000000207c                __ctors_start = .
 *(.ctors)
                0x000000000000207c                __ctors_end = .
                0x000000000000207c                __dtors_start = .
 *(.dtors)
                0x000000000000207c                __dtors_end = .
 SORT_BY_NAME(*)(.ctors)
 SORT_BY_NAME(*)(.dtors)
 *(.init0)
 .init0         0x000000000000207c        0x0 /usr/local/Cellar/avr-gcc/8.2.0/lib/avr-gcc/8/gcc/avr/8.2.0/../../../../../../avr/lib/avr5/crtatmega328p.o
                0x000000000000207c                __init
 *(.init0)
 *(.init1)
 *(.init1)
 *(.init2)
 .init2         0x000000000000207c        0xc /usr/local/Cellar/avr-gcc/8.2.0/lib/avr-gcc/8/gcc/avr/8.2.0/../../../../../../avr/lib/avr5/crtatmega328p.o
 *(.init2)
 *(.init3)
 *(.init3)
 *(.init4)
 .init4         0x0000000000002088       0x16 /usr/local/Cellar/avr-gcc/8.2.0/lib/avr-gcc/8/gcc/avr/8.2.0/avr5/libgcc.a(_copy_data.o)
                0x0000000000002088                __do_copy_data
 .init4         0x000000000000209e       0x10 /usr/local/Cellar/avr-gcc/8.2.0/lib/avr-gcc/8/gcc/avr/8.2.0/avr5/libgcc.a(_clear_bss.o)
                0x000000000000209e                __do_clear_bss
 *(.init4)
 *(.init5)
 *(.init5)
 *(.init6)
 *(.init6)
 *(.init7)
 *(.init7)
 *(.init8)
 *(.init8)
 *(.init9)
 .init9         0x00000000000020ae        0x8 /usr/local/Cellar/avr-gcc/8.2.0/lib/avr-gcc/8/gcc/avr/8.2.0/../../../../../../avr/lib/avr5/crtatmega328p.o
 *(.init9)
 *(.text)
 .text          0x00000000000020b6        0x4 /usr/local/Cellar/avr-gcc/8.2.0/lib/avr-gcc/8/gcc/avr/8.2.0/../../../../../../avr/lib/avr5/crtatmega328p.o
                0x00000000000020b6                __vector_20
                0x00000000000020b6                __vector_1
                0x00000000000020b6                __vector_24
                0x00000000000020b6                __vector_12
                0x00000000000020b6                __bad_interrupt
                0x00000000000020b6                __vector_6
                0x00000000000020b6                __vector_3
                0x00000000000020b6                __vector_23
                0x00000000000020b6                __vector_25
                0x00000000000020b6                __vector_11
                0x00000000000020b6                __vector_13
                0x00000000000020b6                __vector_17
                0x00000000000020b6                __vector_19
                0x00000000000020b6                __vector_5
                0x00000000000020b6                __vector_4
                0x00000000000020b6                __vector_9
                0x00000000000020b6                __vector_2
                0x00000000000020b6                __vector_21
                0x00000000000020b6                __vector_15
                0x00000000000020b6                __vector_8
                0x00000000000020b6                __vector_14
                0x00000000000020b6                __vector_10
                0x00000000000020b6                __vector_16
                0x00000000000020b6                __vector_18
                0x00000000000020b6                __vector_22
 .text          0x00000000000020ba        0x0 /usr/local/Cellar/avr-gcc/8.2.0/lib/avr-gcc/8/gcc/avr/8.2.0/../../../../../../avr/lib/avr5/libprintf_flt.a(vfprintf_flt.o)
 .text          0x00000000000020ba       0x24 main.o
                0x00000000000020ba                __vector_7
 .text          0x00000000000020de       0x5c serial.o
                0x00000000000020de                uart_putchar
                0x0000000000002104                uart_init
                0x000000000000212c                uart_getchar
 .text          0x000000000000213a       0x32 adc.o
                0x000000000000213a                adc_init
                0x0000000000002156                getADC
                0x0000000000002160                set_adc_value
                0x0000000000002166                get_adc_value
 .text          0x000000000000216c       0x14 timer.o
                0x000000000000216c                timer_init
 .text          0x0000000000002180      0x2d4 temp.o
                0x0000000000002180                getTemp
                0x0000000000002210                getLight
                0x0000000000002288                lightCollect
                0x000000000000231c                tempCollect
 .text          0x0000000000002454     0x1386 predict.o
                0x0000000000002454                predictTemp
 .text          0x00000000000037da        0x0 /usr/local/Cellar/avr-gcc/8.2.0/lib/avr-gcc/8/gcc/avr/8.2.0/avr5/libgcc.a(_exit.o)
 .text          0x00000000000037da        0x0 /usr/local/Cellar/avr-gcc/8.2.0/lib/avr-gcc/8/gcc/avr/8.2.0/avr5/libgcc.a(_copy_data.o)
 .text          0x00000000000037da        0x0 /usr/local/Cellar/avr-gcc/8.2.0/lib/avr-gcc/8/gcc/avr/8.2.0/avr5/libgcc.a(_clear_bss.o)
 .text          0x00000000000037da        0x0 /usr/local/Cellar/avr-gcc/8.2.0/lib/avr-gcc/8/gcc/avr/8.2.0/avr5/libgcc.a(_prologue.o)
 .text          0x00000000000037da        0x0 /usr/local/Cellar/avr-gcc/8.2.0/lib/avr-gcc/8/gcc/avr/8.2.0/avr5/libgcc.a(_epilogue.o)
 .text          0x00000000000037da        0x0 /usr/local/Cellar/avr-gcc/8.2.0/lib/avr-gcc/8/gcc/avr/8.2.0/../../../../../../avr/lib/avr5/libm.a(addsf3.o)
 .text          0x00000000000037da        0x0 /usr/local/Cellar/avr-gcc/8.2.0/lib/avr-gcc/8/gcc/avr/8.2.0/../../../../../../avr/lib/avr5/libm.a(addsf3x.o)
 .text          0x00000000000037da        0x0 /usr/local/Cellar/avr-gcc/8.2.0/lib/avr-gcc/8/gcc/avr/8.2.0/../../../../../../avr/lib/avr5/libm.a(fixsfsi.o)
 .text          0x00000000000037da        0x0 /usr/local/Cellar/avr-gcc/8.2.0/lib/avr-gcc/8/gcc/avr/8.2.0/../../../../../../avr/lib/avr5/libm.a(fixunssfsi.o)
 .text          0x00000000000037da        0x0 /usr/local/Cellar/avr-gcc/8.2.0/lib/avr-gcc/8/gcc/avr/8.2.0/../../../../../../avr/lib/avr5/libm.a(floatsisf.o)
 .text          0x00000000000037da        0x0 /usr/local/Cellar/avr-gcc/8.2.0/lib/avr-gcc/8/gcc/avr/8.2.0/../../../../../../avr/lib/avr5/libm.a(fp_inf.o)
 .text          0x00000000000037da        0x0 /usr/local/Cellar/avr-gcc/8.2.0/lib/avr-gcc/8/gcc/avr/8.2.0/../../../../../../avr/lib/avr5/libm.a(fp_nan.o)
 .text          0x00000000000037da        0x0 /usr/local/Cellar/avr-gcc/8.2.0/lib/avr-gcc/8/gcc/avr/8.2.0/../../../../../../avr/lib/avr5/libm.a(fp_pscA.o)
 .text          0x00000000000037da        0x0 /usr/local/Cellar/avr-gcc/8.2.0/lib/avr-gcc/8/gcc/avr/8.2.0/../../../../../../avr/lib/avr5/libm.a(fp_pscB.o)
 .text          0x00000000000037da        0x0 /usr/local/Cellar/avr-gcc/8.2.0/lib/avr-gcc/8/gcc/avr/8.2.0/../../../../../../avr/lib/avr5/libm.a(fp_round.o)
 .text          0x00000000000037da        0x0 /usr/local/Cellar/avr-gcc/8.2.0/lib/avr-gcc/8/gcc/avr/8.2.0/../../../../../../avr/lib/avr5/libm.a(fp_split3.o)
 .text          0x00000000000037da        0x0 /usr/local/Cellar/avr-gcc/8.2.0/lib/avr-gcc/8/gcc/avr/8.2.0/../../../../../../avr/lib/avr5/libm.a(fp_zero.o)
 .text          0x00000000000037da        0x0 /usr/local/Cellar/avr-gcc/8.2.0/lib/avr-gcc/8/gcc/avr/8.2.0/../../../../../../avr/lib/avr5/libm.a(gesf2.o)
 .text          0x00000000000037da        0x0 /usr/local/Cellar/avr-gcc/8.2.0/lib/avr-gcc/8/gcc/avr/8.2.0/../../../../../../avr/lib/avr5/libm.a(mulsf3.o)
 .text          0x00000000000037da        0x0 /usr/local/Cellar/avr-gcc/8.2.0/lib/avr-gcc/8/gcc/avr/8.2.0/../../../../../../avr/lib/avr5/libm.a(mulsf3x.o)
 .text          0x00000000000037da        0x0 /usr/local/Cellar/avr-gcc/8.2.0/lib/avr-gcc/8/gcc/avr/8.2.0/../../../../../../avr/lib/avr5/libm.a(fp_cmp.o)
 .text          0x00000000000037da        0x0 /usr/local/Cellar/avr-gcc/8.2.0/lib/avr-gcc/8/gcc/avr/8.2.0/../../../../../../avr/lib/avr5/libc.a(ftoa_engine.o)
 .text          0x00000000000037da        0x0 /usr/local/Cellar/avr-gcc/8.2.0/lib/avr-gcc/8/gcc/avr/8.2.0/../../../../../../avr/lib/avr5/libc.a(strnlen_P.o)
 .text          0x00000000000037da        0x0 /usr/local/Cellar/avr-gcc/8.2.0/lib/avr-gcc/8/gcc/avr/8.2.0/../../../../../../avr/lib/avr5/libc.a(strnlen.o)
 .text          0x00000000000037da        0x0 /usr/local/Cellar/avr-gcc/8.2.0/lib/avr-gcc/8/gcc/avr/8.2.0/../../../../../../avr/lib/avr5/libc.a(fputc.o)
 .text          0x00000000000037da        0x0 /usr/local/Cellar/avr-gcc/8.2.0/lib/avr-gcc/8/gcc/avr/8.2.0/../../../../../../avr/lib/avr5/libc.a(iob.o)
 .text          0x00000000000037da        0x0 /usr/local/Cellar/avr-gcc/8.2.0/lib/avr-gcc/8/gcc/avr/8.2.0/../../../../../../avr/lib/avr5/libc.a(printf.o)
 .text          0x00000000000037da        0x0 /usr/local/Cellar/avr-gcc/8.2.0/lib/avr-gcc/8/gcc/avr/8.2.0/../../../../../../avr/lib/avr5/libc.a(ultoa_invert.o)
                0x00000000000037da                . = ALIGN (0x2)
 *(.text.*)
 .text.avr-libc
                0x00000000000037da      0x69a /usr/local/Cellar/avr-gcc/8.2.0/lib/avr-gcc/8/gcc/avr/8.2.0/../../../../../../avr/lib/avr5/libprintf_flt.a(vfprintf_flt.o)
                0x00000000000037da                vfprintf
 .text.startup  0x0000000000003e74       0xb4 main.o
                0x0000000000003e74                main
 .text.libgcc.mul
                0x0000000000003f28        0x0 /usr/local/Cellar/avr-gcc/8.2.0/lib/avr-gcc/8/gcc/avr/8.2.0/avr5/libgcc.a(_exit.o)
 .text.libgcc.div
                0x0000000000003f28        0x0 /usr/local/Cellar/avr-gcc/8.2.0/lib/avr-gcc/8/gcc/avr/8.2.0/avr5/libgcc.a(_exit.o)
 .text.libgcc   0x0000000000003f28        0x0 /usr/local/Cellar/avr-gcc/8.2.0/lib/avr-gcc/8/gcc/avr/8.2.0/avr5/libgcc.a(_exit.o)
 .text.libgcc.prologue
                0x0000000000003f28        0x0 /usr/local/Cellar/avr-gcc/8.2.0/lib/avr-gcc/8/gcc/avr/8.2.0/avr5/libgcc.a(_exit.o)
 .text.libgcc.builtins
                0x0000000000003f28        0x0 /usr/local/Cellar/avr-gcc/8.2.0/lib/avr-gcc/8/gcc/avr/8.2.0/avr5/libgcc.a(_exit.o)
 .text.libgcc.fmul
                0x0000000000003f28        0x0 /usr/local/Cellar/avr-gcc/8.2.0/lib/avr-gcc/8/gcc/avr/8.2.0/avr5/libgcc.a(_exit.o)
 .text.libgcc.fixed
                0x0000000000003f28        0x0 /usr/local/Cellar/avr-gcc/8.2.0/lib/avr-gcc/8/gcc/avr/8.2.0/avr5/libgcc.a(_exit.o)
 .text.libgcc.mul
                0x0000000000003f28        0x0 /usr/local/Cellar/avr-gcc/8.2.0/lib/avr-gcc/8/gcc/avr/8.2.0/avr5/libgcc.a(_copy_data.o)
 .text.libgcc.div
                0x0000000000003f28        0x0 /usr/local/Cellar/avr-gcc/8.2.0/lib/avr-gcc/8/gcc/avr/8.2.0/avr5/libgcc.a(_copy_data.o)
 .text.libgcc   0x0000000000003f28        0x0 /usr/local/Cellar/avr-gcc/8.2.0/lib/avr-gcc/8/gcc/avr/8.2.0/avr5/libgcc.a(_copy_data.o)
 .text.libgcc.prologue
                0x0000000000003f28        0x0 /usr/local/Cellar/avr-gcc/8.2.0/lib/avr-gcc/8/gcc/avr/8.2.0/avr5/libgcc.a(_copy_data.o)
 .text.libgcc.builtins
                0x0000000000003f28        0x0 /usr/local/Cellar/avr-gcc/8.2.0/lib/avr-gcc/8/gcc/avr/8.2.0/avr5/libgcc.a(_copy_data.o)
 .text.libgcc.fmul
                0x0000000000003f28        0x0 /usr/local/Cellar/avr-gcc/8.2.0/lib/avr-gcc/8/gcc/avr/8.2.0/avr5/libgcc.a(_copy_data.o)
 .text.libgcc.fixed
                0x0000000000003f28        0x0 /usr/local/Cellar/avr-gcc/8.2.0/lib/avr-gcc/8/gcc/avr/8.2.0/avr5/libgcc.a(_copy_data.o)
 .text.libgcc.mul
                0x0000000000003f28        0x0 /usr/local/Cellar/avr-gcc/8.2.0/lib/avr-gcc/8/gcc/avr/8.2.0/avr5/libgcc.a(_clear_bss.o)
 .text.libgcc.div
                0x0000000000003f28        0x0 /usr/local/Cellar/avr-gcc/8.2.0/lib/avr-gcc/8/gcc/avr/8.2.0/avr5/libgcc.a(_clear_bss.o)
 .text.libgcc   0x0000000000003f28        0x0 /usr/local/Cellar/avr-gcc/8.2.0/lib/avr-gcc/8/gcc/avr/8.2.0/avr5/libgcc.a(_clear_bss.o)
 .text.libgcc.prologue
                0x0000000000003f28        0x0 /usr/local/Cellar/avr-gcc/8.2.0/lib/avr-gcc/8/gcc/avr/8.2.0/avr5/libgcc.a(_clear_bss.o)
 .text.libgcc.builtins
                0x0000000000003f28        0x0 /usr/local/Cellar/avr-gcc/8.2.0/lib/avr-gcc/8/gcc/avr/8.2.0/avr5/libgcc.a(_clear_bss.o)
 .text.libgcc.fmul
                0x0000000000003f28        0x0 /usr/local/Cellar/avr-gcc/8.2.0/lib/avr-gcc/8/gcc/avr/8.2.0/avr5/libgcc.a(_clear_bss.o)
 .text.libgcc.fixed
                0x0000000000003f28        0x0 /usr/local/Cellar/avr-gcc/8.2.0/lib/avr-gcc/8/gcc/avr/8.2.0/avr5/libgcc.a(_clear_bss.o)
 .text.libgcc.mul
                0x0000000000003f28        0x0 /usr/local/Cellar/avr-gcc/8.2.0/lib/avr-gcc/8/gcc/avr/8.2.0/avr5/libgcc.a(_prologue.o)
 .text.libgcc.div
                0x0000000000003f28        0x0 /usr/local/Cellar/avr-gcc/8.2.0/lib/avr-gcc/8/gcc/avr/8.2.0/avr5/libgcc.a(_prologue.o)
 .text.libgcc   0x0000000000003f28        0x0 /usr/local/Cellar/avr-gcc/8.2.0/lib/avr-gcc/8/gcc/avr/8.2.0/avr5/libgcc.a(_prologue.o)
 .text.libgcc.prologue
                0x0000000000003f28       0x38 /usr/local/Cellar/avr-gcc/8.2.0/lib/avr-gcc/8/gcc/avr/8.2.0/avr5/libgcc.a(_prologue.o)
                0x0000000000003f28                __prologue_saves__
 .text.libgcc.builtins
                0x0000000000003f60        0x0 /usr/local/Cellar/avr-gcc/8.2.0/lib/avr-gcc/8/gcc/avr/8.2.0/avr5/libgcc.a(_prologue.o)
 .text.libgcc.fmul
                0x0000000000003f60        0x0 /usr/local/Cellar/avr-gcc/8.2.0/lib/avr-gcc/8/gcc/avr/8.2.0/avr5/libgcc.a(_prologue.o)
 .text.libgcc.fixed
                0x0000000000003f60        0x0 /usr/local/Cellar/avr-gcc/8.2.0/lib/avr-gcc/8/gcc/avr/8.2.0/avr5/libgcc.a(_prologue.o)
 .text.libgcc.mul
                0x0000000000003f60        0x0 /usr/local/Cellar/avr-gcc/8.2.0/lib/avr-gcc/8/gcc/avr/8.2.0/avr5/libgcc.a(_epilogue.o)
 .text.libgcc.div
                0x0000000000003f60        0x0 /usr/local/Cellar/avr-gcc/8.2.0/lib/avr-gcc/8/gcc/avr/8.2.0/avr5/libgcc.a(_epilogue.o)
 .text.libgcc   0x0000000000003f60        0x0 /usr/local/Cellar/avr-gcc/8.2.0/lib/avr-gcc/8/gcc/avr/8.2.0/avr5/libgcc.a(_epilogue.o)
 .text.libgcc.prologue
                0x0000000000003f60       0x36 /usr/local/Cellar/avr-gcc/8.2.0/lib/avr-gcc/8/gcc/avr/8.2.0/avr5/libgcc.a(_epilogue.o)
                0x0000000000003f60                __epilogue_restores__
 .text.libgcc.builtins
                0x0000000000003f96        0x0 /usr/local/Cellar/avr-gcc/8.2.0/lib/avr-gcc/8/gcc/avr/8.2.0/avr5/libgcc.a(_epilogue.o)
 .text.libgcc.fmul
                0x0000000000003f96        0x0 /usr/local/Cellar/avr-gcc/8.2.0/lib/avr-gcc/8/gcc/avr/8.2.0/avr5/libgcc.a(_epilogue.o)
 .text.libgcc.fixed
                0x0000000000003f96        0x0 /usr/local/Cellar/avr-gcc/8.2.0/lib/avr-gcc/8/gcc/avr/8.2.0/avr5/libgcc.a(_epilogue.o)
 .text.avr-libc.fplib
                0x0000000000003f96        0xe /usr/local/Cellar/avr-gcc/8.2.0/lib/avr-gcc/8/gcc/avr/8.2.0/../../../../../../avr/lib/avr5/libm.a(addsf3.o)
                0x0000000000003f96                __subsf3
                0x0000000000003f98                __addsf3
 .text.avr-libc.fplib
                0x0000000000003fa4       0xcc /usr/local/Cellar/avr-gcc/8.2.0/lib/avr-gcc/8/gcc/avr/8.2.0/../../../../../../avr/lib/avr5/libm.a(addsf3x.o)
                0x0000000000003fc6                __addsf3x
 .text.avr-libc.fplib
                0x0000000000004070        0xe /usr/local/Cellar/avr-gcc/8.2.0/lib/avr-gcc/8/gcc/avr/8.2.0/../../../../../../avr/lib/avr5/libm.a(fixsfsi.o)
                0x0000000000004070                __fixsfsi
 .text.avr-libc.fplib
                0x000000000000407e       0x5e /usr/local/Cellar/avr-gcc/8.2.0/lib/avr-gcc/8/gcc/avr/8.2.0/../../../../../../avr/lib/avr5/libm.a(fixunssfsi.o)
                0x000000000000407e                __fixunssfsi
 .text.avr-libc.fplib
                0x00000000000040dc       0x7a /usr/local/Cellar/avr-gcc/8.2.0/lib/avr-gcc/8/gcc/avr/8.2.0/../../../../../../avr/lib/avr5/libm.a(floatsisf.o)
                0x00000000000040dc                __floatunsisf
                0x00000000000040e0                __floatsisf
 .text.avr-libc.fplib
                0x0000000000004156        0xc /usr/local/Cellar/avr-gcc/8.2.0/lib/avr-gcc/8/gcc/avr/8.2.0/../../../../../../avr/lib/avr5/libm.a(fp_inf.o)
                0x0000000000004156                __fp_inf
 .text.avr-libc.fplib
                0x0000000000004162        0x6 /usr/local/Cellar/avr-gcc/8.2.0/lib/avr-gcc/8/gcc/avr/8.2.0/../../../../../../avr/lib/avr5/libm.a(fp_nan.o)
                0x0000000000004162                __fp_nan
 .text.avr-libc.fplib
                0x0000000000004168        0xe /usr/local/Cellar/avr-gcc/8.2.0/lib/avr-gcc/8/gcc/avr/8.2.0/../../../../../../avr/lib/avr5/libm.a(fp_pscA.o)
                0x0000000000004168                __fp_pscA
 .text.avr-libc.fplib
                0x0000000000004176        0xe /usr/local/Cellar/avr-gcc/8.2.0/lib/avr-gcc/8/gcc/avr/8.2.0/../../../../../../avr/lib/avr5/libm.a(fp_pscB.o)
                0x0000000000004176                __fp_pscB
 .text.avr-libc.fplib
                0x0000000000004184       0x22 /usr/local/Cellar/avr-gcc/8.2.0/lib/avr-gcc/8/gcc/avr/8.2.0/../../../../../../avr/lib/avr5/libm.a(fp_round.o)
                0x0000000000004184                __fp_round
 .text.avr-libc.fplib
                0x00000000000041a6       0x44 /usr/local/Cellar/avr-gcc/8.2.0/lib/avr-gcc/8/gcc/avr/8.2.0/../../../../../../avr/lib/avr5/libm.a(fp_split3.o)
                0x00000000000041a6                __fp_split3
                0x00000000000041b6                __fp_splitA
 .text.avr-libc.fplib
                0x00000000000041ea        0xe /usr/local/Cellar/avr-gcc/8.2.0/lib/avr-gcc/8/gcc/avr/8.2.0/../../../../../../avr/lib/avr5/libm.a(fp_zero.o)
                0x00000000000041ea                __fp_zero
                0x00000000000041ec                __fp_szero
 .text.avr-libc.fplib
                0x00000000000041f8        0xa /usr/local/Cellar/avr-gcc/8.2.0/lib/avr-gcc/8/gcc/avr/8.2.0/../../../../../../avr/lib/avr5/libm.a(gesf2.o)
                0x00000000000041f8                __gtsf2
                0x00000000000041f8                __gesf2
 .text.avr-libc.fplib
                0x0000000000004202        0x8 /usr/local/Cellar/avr-gcc/8.2.0/lib/avr-gcc/8/gcc/avr/8.2.0/../../../../../../avr/lib/avr5/libm.a(mulsf3.o)
                0x0000000000004202                __mulsf3
 .text.avr-libc.fplib
                0x000000000000420a       0xd2 /usr/local/Cellar/avr-gcc/8.2.0/lib/avr-gcc/8/gcc/avr/8.2.0/../../../../../../avr/lib/avr5/libm.a(mulsf3x.o)
                0x0000000000004228                __mulsf3x
                0x000000000000422e                __mulsf3_pse
 .text.avr-libc.fplib
                0x00000000000042dc       0x48 /usr/local/Cellar/avr-gcc/8.2.0/lib/avr-gcc/8/gcc/avr/8.2.0/../../../../../../avr/lib/avr5/libm.a(fp_cmp.o)
                0x00000000000042dc                __fp_cmp
 .text.avr-libc
                0x0000000000004324      0x1b0 /usr/local/Cellar/avr-gcc/8.2.0/lib/avr-gcc/8/gcc/avr/8.2.0/../../../../../../avr/lib/avr5/libc.a(ftoa_engine.o)
                0x0000000000004324                __ftoa_engine
 .text.avr-libc
                0x00000000000044d4       0x16 /usr/local/Cellar/avr-gcc/8.2.0/lib/avr-gcc/8/gcc/avr/8.2.0/../../../../../../avr/lib/avr5/libc.a(strnlen_P.o)
                0x00000000000044d4                strnlen_P
 .text.avr-libc
                0x00000000000044ea       0x16 /usr/local/Cellar/avr-gcc/8.2.0/lib/avr-gcc/8/gcc/avr/8.2.0/../../../../../../avr/lib/avr5/libc.a(strnlen.o)
                0x00000000000044ea                strnlen
 .text.avr-libc
                0x0000000000004500       0x60 /usr/local/Cellar/avr-gcc/8.2.0/lib/avr-gcc/8/gcc/avr/8.2.0/../../../../../../avr/lib/avr5/libc.a(fputc.o)
                0x0000000000004500                fputc
 .text.avr-libc
                0x0000000000004560       0x2c /usr/local/Cellar/avr-gcc/8.2.0/lib/avr-gcc/8/gcc/avr/8.2.0/../../../../../../avr/lib/avr5/libc.a(printf.o)
                0x0000000000004560                printf
 .text.avr-libc
                0x000000000000458c       0xbc /usr/local/Cellar/avr-gcc/8.2.0/lib/avr-gcc/8/gcc/avr/8.2.0/../../../../../../avr/lib/avr5/libc.a(ultoa_invert.o)
                0x000000000000458c                __ultoa_invert
                0x0000000000004648                . = ALIGN (0x2)
 *(.fini9)
 .fini9         0x0000000000004648        0x0 /usr/local/Cellar/avr-gcc/8.2.0/lib/avr-gcc/8/gcc/avr/8.2.0/avr5/libgcc.a(_exit.o)
                0x0000000000004648                exit
                0x0000000000004648                _exit
 *(.fini9)
 *(.fini8)
 *(.fini8)
 *(.fini7)
 *(.fini7)
 *(.fini6)
 *(.fini6)
 *(.fini5)
 *(.fini5)
 *(.fini4)
 *(.fini4)
 *(.fini3)
 *(.fini3)
 *(.fini2)
 *(.fini2)
 *(.fini1)
 *(.fini1)
 *(.fini0)
 .fini0         0x0000000000004648        0x4 /usr/local/Cellar/avr-gcc/8.2.0/lib/avr-gcc/8/gcc/avr/8.2.0/avr5/libgcc.a(_exit.o)
 *(.fini0)
 *(.hightext)
 *(.hightext*)
 *(.progmemx.*)
                0x000000000000464c                . = ALIGN (0x2)
 *(.jumptables)
 *(.jumptables*)
                0x000000000000464c                _etext = .

.data           0x0000000000800100       0x96 load address 0x000000000000464c
                0x0000000000800100                PROVIDE (__data_start = .)
 *(.data)
 .data          0x0000000000800100        0x0 /usr/local/Cellar/avr-gcc/8.2.0/lib/avr-gcc/8/gcc/avr/8.2.0/../../../../../../avr/lib/avr5/crtatmega328p.o
 .data          0x0000000000800100        0x0 /usr/local/Cellar/avr-gcc/8.2.0/lib/avr-gcc/8/gcc/avr/8.2.0/../../../../../../avr/lib/avr5/libprintf_flt.a(vfprintf_flt.o)
 .data          0x0000000000800100        0x0 main.o
 .data          0x0000000000800100        0xe serial.o
 .data          0x000000000080010e        0x0 adc.o
 .data          0x000000000080010e        0x0 timer.o
 .data          0x000000000080010e        0x0 temp.o
 .data          0x000000000080010e        0x0 predict.o
 .data          0x000000000080010e        0x0 /usr/local/Cellar/avr-gcc/8.2.0/lib/avr-gcc/8/gcc/avr/8.2.0/avr5/libgcc.a(_exit.o)
 .data          0x000000000080010e        0x0 /usr/local/Cellar/avr-gcc/8.2.0/lib/avr-gcc/8/gcc/avr/8.2.0/avr5/libgcc.a(_copy_data.o)
 .data          0x000000000080010e        0x0 /usr/local/Cellar/avr-gcc/8.2.0/lib/avr-gcc/8/gcc/avr/8.2.0/avr5/libgcc.a(_clear_bss.o)
 .data          0x000000000080010e        0x0 /usr/local/Cellar/avr-gcc/8.2.0/lib/avr-gcc/8/gcc/avr/8.2.0/avr5/libgcc.a(_prologue.o)
 .data          0x000000000080010e        0x0 /usr/local/Cellar/avr-gcc/8.2.0/lib/avr-gcc/8/gcc/avr/8.2.0/avr5/libgcc.a(_epilogue.o)
 .data          0x000000000080010e        0x0 /usr/local/Cellar/avr-gcc/8.2.0/lib/avr-gcc/8/gcc/avr/8.2.0/../../../../../../avr/lib/avr5/libm.a(addsf3.o)
 .data          0x000000000080010e        0x0 /usr/local/Cellar/avr-gcc/8.2.0/lib/avr-gcc/8/gcc/avr/8.2.0/../../../../../../avr/lib/avr5/libm.a(addsf3x.o)
 .data          0x000000000080010e        0x0 /usr/local/Cellar/avr-gcc/8.2.0/lib/avr-gcc/8/gcc/avr/8.2.0/../../../../../../avr/lib/avr5/libm.a(fixsfsi.o)
 .data          0x000000000080010e        0x0 /usr/local/Cellar/avr-gcc/8.2.0/lib/avr-gcc/8/gcc/avr/8.2.0/../../../../../../avr/lib/avr5/libm.a(fixunssfsi.o)
 .data          0x000000000080010e        0x0 /usr/local/Cellar/avr-gcc/8.2.0/lib/avr-gcc/8/gcc/avr/8.2.0/../../../../../../avr/lib/avr5/libm.a(floatsisf.o)
 .data          0x000000000080010e        0x0 /usr/local/Cellar/avr-gcc/8.2.0/lib/avr-gcc/8/gcc/avr/8.2.0/../../../../../../avr/lib/avr5/libm.a(fp_inf.o)
 .data          0x000000000080010e        0x0 /usr/local/Cellar/avr-gcc/8.2.0/lib/avr-gcc/8/gcc/avr/8.2.0/../../../../../../avr/lib/avr5/libm.a(fp_nan.o)
 .data          0x000000000080010e        0x0 /usr/local/Cellar/avr-gcc/8.2.0/lib/avr-gcc/8/gcc/avr/8.2.0/../../../../../../avr/lib/avr5/libm.a(fp_pscA.o)
 .data          0x000000000080010e        0x0 /usr/local/Cellar/avr-gcc/8.2.0/lib/avr-gcc/8/gcc/avr/8.2.0/../../../../../../avr/lib/avr5/libm.a(fp_pscB.o)
 .data          0x000000000080010e        0x0 /usr/local/Cellar/avr-gcc/8.2.0/lib/avr-gcc/8/gcc/avr/8.2.0/../../../../../../avr/lib/avr5/libm.a(fp_round.o)
 .data          0x000000000080010e        0x0 /usr/local/Cellar/avr-gcc/8.2.0/lib/avr-gcc/8/gcc/avr/8.2.0/../../../../../../avr/lib/avr5/libm.a(fp_split3.o)
 .data          0x000000000080010e        0x0 /usr/local/Cellar/avr-gcc/8.2.0/lib/avr-gcc/8/gcc/avr/8.2.0/../../../../../../avr/lib/avr5/libm.a(fp_zero.o)
 .data          0x000000000080010e        0x0 /usr/local/Cellar/avr-gcc/8.2.0/lib/avr-gcc/8/gcc/avr/8.2.0/../../../../../../avr/lib/avr5/libm.a(gesf2.o)
 .data          0x000000000080010e        0x0 /usr/local/Cellar/avr-gcc/8.2.0/lib/avr-gcc/8/gcc/avr/8.2.0/../../../../../../avr/lib/avr5/libm.a(mulsf3.o)
 .data          0x000000000080010e        0x0 /usr/local/Cellar/avr-gcc/8.2.0/lib/avr-gcc/8/gcc/avr/8.2.0/../../../../../../avr/lib/avr5/libm.a(mulsf3x.o)
 .data          0x000000000080010e        0x0 /usr/local/Cellar/avr-gcc/8.2.0/lib/avr-gcc/8/gcc/avr/8.2.0/../../../../../../avr/lib/avr5/libm.a(fp_cmp.o)
 .data          0x000000000080010e        0x0 /usr/local/Cellar/avr-gcc/8.2.0/lib/avr-gcc/8/gcc/avr/8.2.0/../../../../../../avr/lib/avr5/libc.a(ftoa_engine.o)
 .data          0x000000000080010e        0x0 /usr/local/Cellar/avr-gcc/8.2.0/lib/avr-gcc/8/gcc/avr/8.2.0/../../../../../../avr/lib/avr5/libc.a(strnlen_P.o)
 .data          0x000000000080010e        0x0 /usr/local/Cellar/avr-gcc/8.2.0/lib/avr-gcc/8/gcc/avr/8.2.0/../../../../../../avr/lib/avr5/libc.a(strnlen.o)
 .data          0x000000000080010e        0x0 /usr/local/Cellar/avr-gcc/8.2.0/lib/avr-gcc/8/gcc/avr/8.2.0/../../../../../../avr/lib/avr5/libc.a(fputc.o)
 .data          0x000000000080010e        0x0 /usr/local/Cellar/avr-gcc/8.2.0/lib/avr-gcc/8/gcc/avr/8.2.0/../../../../../../avr/lib/avr5/libc.a(iob.o)
 .data          0x000000000080010e        0x0 /usr/local/Cellar/avr-gcc/8.2.0/lib/avr-gcc/8/gcc/avr/8.2.0/../../../../../../avr/lib/avr5/libc.a(printf.o)
 .data          0x000000000080010e        0x0 /usr/local/Cellar/avr-gcc/8.2.0/lib/avr-gcc/8/gcc/avr/8.2.0/../../../../../../avr/lib/avr5/libc.a(ultoa_invert.o)
 *(.data*)
 *(.gnu.linkonce.d*)
 *(.rodata)
 *(.rodata*)
 .rodata.str1.1
                0x000000000080010e       0x2a main.o
 .rodata.str1.1
                0x0000000000800138       0x5e temp.o
 *(.gnu.linkonce.r*)
                0x0000000000800196                . = ALIGN (0x2)
                0x0000000000800196                _edata = .
                0x0000000000800196                PROVIDE (__data_end = .)

.bss            0x0000000000800196      0x1d2
                0x0000000000800196                PROVIDE (__bss_start = .)
 *(.bss)
 .bss           0x0000000000800196        0x0 /usr/local/Cellar/avr-gcc/8.2.0/lib/avr-gcc/8/gcc/avr/8.2.0/../../../../../../avr/lib/avr5/crtatmega328p.o
 .bss           0x0000000000800196        0x0 /usr/local/Cellar/avr-gcc/8.2.0/lib/avr-gcc/8/gcc/avr/8.2.0/../../../../../../avr/lib/avr5/libprintf_flt.a(vfprintf_flt.o)
 .bss           0x0000000000800196       0xd4 main.o
                0x0000000000800196                new
                0x000000000080019a                old
 .bss           0x000000000080026a        0x0 serial.o
 .bss           0x000000000080026a        0x1 adc.o
 .bss           0x000000000080026b        0x0 timer.o
 .bss           0x000000000080026b       0xf7 temp.o
 .bss           0x0000000000800362        0x0 predict.o
 .bss           0x0000000000800362        0x0 /usr/local/Cellar/avr-gcc/8.2.0/lib/avr-gcc/8/gcc/avr/8.2.0/avr5/libgcc.a(_exit.o)
 .bss           0x0000000000800362        0x0 /usr/local/Cellar/avr-gcc/8.2.0/lib/avr-gcc/8/gcc/avr/8.2.0/avr5/libgcc.a(_copy_data.o)
 .bss           0x0000000000800362        0x0 /usr/local/Cellar/avr-gcc/8.2.0/lib/avr-gcc/8/gcc/avr/8.2.0/avr5/libgcc.a(_clear_bss.o)
 .bss           0x0000000000800362        0x0 /usr/local/Cellar/avr-gcc/8.2.0/lib/avr-gcc/8/gcc/avr/8.2.0/avr5/libgcc.a(_prologue.o)
 .bss           0x0000000000800362        0x0 /usr/local/Cellar/avr-gcc/8.2.0/lib/avr-gcc/8/gcc/avr/8.2.0/avr5/libgcc.a(_epilogue.o)
 .bss           0x0000000000800362        0x0 /usr/local/Cellar/avr-gcc/8.2.0/lib/avr-gcc/8/gcc/avr/8.2.0/../../../../../../avr/lib/avr5/libm.a(addsf3.o)
 .bss           0x0000000000800362        0x0 /usr/local/Cellar/avr-gcc/8.2.0/lib/avr-gcc/8/gcc/avr/8.2.0/../../../../../../avr/lib/avr5/libm.a(addsf3x.o)
 .bss           0x0000000000800362        0x0 /usr/local/Cellar/avr-gcc/8.2.0/lib/avr-gcc/8/gcc/avr/8.2.0/../../../../../../avr/lib/avr5/libm.a(fixsfsi.o)
 .bss           0x0000000000800362        0x0 /usr/local/Cellar/avr-gcc/8.2.0/lib/avr-gcc/8/gcc/avr/8.2.0/../../../../../../avr/lib/avr5/libm.a(fixunssfsi.o)
 .bss           0x0000000000800362        0x0 /usr/local/Cellar/avr-gcc/8.2.0/lib/avr-gcc/8/gcc/avr/8.2.0/../../../../../../avr/lib/avr5/libm.a(floatsisf.o)
 .bss           0x0000000000800362        0x0 /usr/local/Cellar/avr-gcc/8.2.0/lib/avr-gcc/8/gcc/avr/8.2.0/../../../../../../avr/lib/avr5/libm.a(fp_inf.o)
 .bss           0x0000000000800362        0x0 /usr/local/Cellar/avr-gcc/8.2.0/lib/avr-gcc/8/gcc/avr/8.2.0/../../../../../../avr/lib/avr5/libm.a(fp_nan.o)
 .bss           0x0000000000800362        0x0 /usr/local/Cellar/avr-gcc/8.2.0/lib/avr-gcc/8/gcc/avr/8.2.0/../../../../../../avr/lib/avr5/libm.a(fp_pscA.o)
 .bss           0x0000000000800362        0x0 /usr/local/Cellar/avr-gcc/8.2.0/lib/avr-gcc/8/gcc/avr/8.2.0/../../../../../../avr/lib/avr5/libm.a(fp_pscB.o)
 .bss           0x0000000000800362        0x0 /usr/local/Cellar/avr-gcc/8.2.0/lib/avr-gcc/8/gcc/avr/8.2.0/../../../../../../avr/lib/avr5/libm.a(fp_round.o)
 .bss           0x0000000000800362        0x0 /usr/local/Cellar/avr-gcc/8.2.0/lib/avr-gcc/8/gcc/avr/8.2.0/../../../../../../avr/lib/avr5/libm.a(fp_split3.o)
 .bss           0x0000000000800362        0x0 /usr/local/Cellar/avr-gcc/8.2.0/lib/avr-gcc/8/gcc/avr/8.2.0/../../../../../../avr/lib/avr5/libm.a(fp_zero.o)
 .bss           0x0000000000800362        0x0 /usr/local/Cellar/avr-gcc/8.2.0/lib/avr-gcc/8/gcc/avr/8.2.0/../../../../../../avr/lib/avr5/libm.a(gesf2.o)
 .bss           0x0000000000800362        0x0 /usr/local/Cellar/avr-gcc/8.2.0/lib/avr-gcc/8/gcc/avr/8.2.0/../../../../../../avr/lib/avr5/libm.a(mulsf3.o)
 .bss           0x0000000000800362        0x0 /usr/local/Cellar/avr-gcc/8.2.0/lib/avr-gcc/8/gcc/avr/8.2.0/../../../../../../avr/lib/avr5/libm.a(mulsf3x.o)
 .bss           0x0000000000800362        0x0 /usr/local/Cellar/avr-gcc/8.2.0/lib/avr-gcc/8/gcc/avr/8.2.0/../../../../../../avr/lib/avr5/libm.a(fp_cmp.o)
 .bss           0x0000000000800362        0x0 /usr/local/Cellar/avr-gcc/8.2.0/lib/avr-gcc/8/gcc/avr/8.2.0/../../../../../../avr/lib/avr5/libc.a(ftoa_engine.o)
 .bss           0x0000000000800362        0x0 /usr/local/Cellar/avr-gcc/8.2.0/lib/avr-gcc/8/gcc/avr/8.2.0/../../../../../../avr/lib/avr5/libc.a(strnlen_P.o)
 .bss           0x0000000000800362        0x0 /usr/local/Cellar/avr-gcc/8.2.0/lib/avr-gcc/8/gcc/avr/8.2.0/../../../../../../avr/lib/avr5/libc.a(strnlen.o)
 .bss           0x0000000000800362        0x0 /usr/local/Cellar/avr-gcc/8.2.0/lib/avr-gcc/8/gcc/avr/8.2.0/../../../../../../avr/lib/avr5/libc.a(fputc.o)
 .bss           0x0000000000800362        0x0 /usr/local/Cellar/avr-gcc/8.2.0/lib/avr-gcc/8/gcc/avr/8.2.0/../../../../../../avr/lib/avr5/libc.a(iob.o)
 .bss           0x0000000000800362        0x0 /usr/local/Cellar/avr-gcc/8.2.0/lib/avr-gcc/8/gcc/avr/8.2.0/../../../../../../avr/lib/avr5/libc.a(printf.o)
 .bss           0x0000000000800362        0x0 /usr/local/Cellar/avr-gcc/8.2.0/lib/avr-gcc/8/gcc/avr/8.2.0/../../../../../../avr/lib/avr5/libc.a(ultoa_invert.o)
 *(.bss*)
 *(COMMON)
 COMMON         0x0000000000800362        0x6 /usr/local/Cellar/avr-gcc/8.2.0/lib/avr-gcc/8/gcc/avr/8.2.0/../../../../../../avr/lib/avr5/libc.a(iob.o)
                0x0000000000800362                __iob
                0x0000000000800368                PROVIDE (__bss_end = .)
                0x000000000000464c                __data_load_start = LOADADDR (.data)
                0x00000000000046e2                __data_load_end = (__data_load_start + SIZEOF (.data))

.noinit         0x0000000000800368        0x0
                [!provide]                        PROVIDE (__noinit_start = .)
 *(.noinit*)
                [!provide]                        PROVIDE (__noinit_end = .)
                0x0000000000800368                _end = .
                [!provide]                        PROVIDE (__heap_start = .)

.eeprom         0x0000000000810000        0x0
 *(.eeprom*)
                0x0000000000810000                __eeprom_end = .

.fuse
 *(.fuse)
 *(.lfuse)
 *(.hfuse)
 *(.efuse)

.lock
 *(.lock*)

.signature
 *(.signature*)

.stab
 *(.stab)

.stabstr
 *(.stabstr)

.stab.excl
 *(.stab.excl)

.stab.exclstr
 *(.stab.exclstr)

.stab.index
 *(.stab.index)

.stab.indexstr
 *(.stab.indexstr)

.comment        0x0000000000000000       0x11
 *(.comment)
 .comment       0x0000000000000000       0x11 /usr/local/Cellar/avr-gcc/8.2.0/lib/avr-gcc/8/gcc/avr/8.2.0/../../../../../../avr/lib/avr5/libprintf_flt.a(vfprintf_flt.o)
                                         0x12 (size before relaxing)
 .comment       0x0000000000000011       0x12 main.o
 .comment       0x0000000000000011       0x12 serial.o
 .comment       0x0000000000000011       0x12 adc.o
 .comment       0x0000000000000011       0x12 timer.o
 .comment       0x0000000000000011       0x12 temp.o
 .comment       0x0000000000000011       0x12 predict.o
 .comment       0x0000000000000011       0x12 /usr/local/Cellar/avr-gcc/8.2.0/lib/avr-gcc/8/gcc/avr/8.2.0/../../../../../../avr/lib/avr5/libc.a(fputc.o)
 .comment       0x0000000000000011       0x12 /usr/local/Cellar/avr-gcc/8.2.0/lib/avr-gcc/8/gcc/avr/8.2.0/../../../../../../avr/lib/avr5/libc.a(iob.o)
 .comment       0x0000000000000011       0x12 /usr/local/Cellar/avr-gcc/8.2.0/lib/avr-gcc/8/gcc/avr/8.2.0/../../../../../../avr/lib/avr5/libc.a(printf.o)

.note.gnu.avr.deviceinfo
                0x0000000000000000       0x40
 .note.gnu.avr.deviceinfo
                0x0000000000000000       0x40 /usr/local/Cellar/avr-gcc/8.2.0/lib/avr-gcc/8/gcc/avr/8.2.0/../../../../../../avr/lib/avr5/crtatmega328p.o

.note.gnu.build-id
 *(.note.gnu.build-id)

.debug
 *(.debug)

.line
 *(.line)

.debug_srcinfo
 *(.debug_srcinfo)

.debug_sfnames
 *(.debug_sfnames)

.debug_aranges  0x0000000000000000       0xa0
 *(.debug_aranges)
 .debug_aranges
                0x0000000000000000       0x20 /usr/local/Cellar/avr-gcc/8.2.0/lib/avr-gcc/8/gcc/avr/8.2.0/avr5/libgcc.a(_exit.o)
 .debug_aranges
                0x0000000000000020       0x20 /usr/local/Cellar/avr-gcc/8.2.0/lib/avr-gcc/8/gcc/avr/8.2.0/avr5/libgcc.a(_copy_data.o)
 .debug_aranges
                0x0000000000000040       0x20 /usr/local/Cellar/avr-gcc/8.2.0/lib/avr-gcc/8/gcc/avr/8.2.0/avr5/libgcc.a(_clear_bss.o)
 .debug_aranges
                0x0000000000000060       0x20 /usr/local/Cellar/avr-gcc/8.2.0/lib/avr-gcc/8/gcc/avr/8.2.0/avr5/libgcc.a(_prologue.o)
 .debug_aranges
                0x0000000000000080       0x20 /usr/local/Cellar/avr-gcc/8.2.0/lib/avr-gcc/8/gcc/avr/8.2.0/avr5/libgcc.a(_epilogue.o)

.debug_pubnames
 *(.debug_pubnames)

.debug_info     0x0000000000000000      0x6b2
 *(.debug_info .gnu.linkonce.wi.*)
 .debug_info    0x0000000000000000      0x5f4 /usr/local/Cellar/avr-gcc/8.2.0/lib/avr-gcc/8/gcc/avr/8.2.0/../../../../../../avr/lib/avr5/crtatmega328p.o
 .debug_info    0x00000000000005f4       0x26 /usr/local/Cellar/avr-gcc/8.2.0/lib/avr-gcc/8/gcc/avr/8.2.0/avr5/libgcc.a(_exit.o)
 .debug_info    0x000000000000061a       0x26 /usr/local/Cellar/avr-gcc/8.2.0/lib/avr-gcc/8/gcc/avr/8.2.0/avr5/libgcc.a(_copy_data.o)
 .debug_info    0x0000000000000640       0x26 /usr/local/Cellar/avr-gcc/8.2.0/lib/avr-gcc/8/gcc/avr/8.2.0/avr5/libgcc.a(_clear_bss.o)
 .debug_info    0x0000000000000666       0x26 /usr/local/Cellar/avr-gcc/8.2.0/lib/avr-gcc/8/gcc/avr/8.2.0/avr5/libgcc.a(_prologue.o)
 .debug_info    0x000000000000068c       0x26 /usr/local/Cellar/avr-gcc/8.2.0/lib/avr-gcc/8/gcc/avr/8.2.0/avr5/libgcc.a(_epilogue.o)

.debug_abbrev   0x0000000000000000      0x606
 *(.debug_abbrev)
 .debug_abbrev  0x0000000000000000      0x5a2 /usr/local/Cellar/avr-gcc/8.2.0/lib/avr-gcc/8/gcc/avr/8.2.0/../../../../../../avr/lib/avr5/crtatmega328p.o
 .debug_abbrev  0x00000000000005a2       0x14 /usr/local/Cellar/avr-gcc/8.2.0/lib/avr-gcc/8/gcc/avr/8.2.0/avr5/libgcc.a(_exit.o)
 .debug_abbrev  0x00000000000005b6       0x14 /usr/local/Cellar/avr-gcc/8.2.0/lib/avr-gcc/8/gcc/avr/8.2.0/avr5/libgcc.a(_copy_data.o)
 .debug_abbrev  0x00000000000005ca       0x14 /usr/local/Cellar/avr-gcc/8.2.0/lib/avr-gcc/8/gcc/avr/8.2.0/avr5/libgcc.a(_clear_bss.o)
 .debug_abbrev  0x00000000000005de       0x14 /usr/local/Cellar/avr-gcc/8.2.0/lib/avr-gcc/8/gcc/avr/8.2.0/avr5/libgcc.a(_prologue.o)
 .debug_abbrev  0x00000000000005f2       0x14 /usr/local/Cellar/avr-gcc/8.2.0/lib/avr-gcc/8/gcc/avr/8.2.0/avr5/libgcc.a(_epilogue.o)

.debug_line     0x0000000000000000      0x38e
 *(.debug_line .debug_line.* .debug_line_end)
 .debug_line    0x0000000000000000       0x1d /usr/local/Cellar/avr-gcc/8.2.0/lib/avr-gcc/8/gcc/avr/8.2.0/../../../../../../avr/lib/avr5/crtatmega328p.o
 .debug_line    0x000000000000001d       0x61 /usr/local/Cellar/avr-gcc/8.2.0/lib/avr-gcc/8/gcc/avr/8.2.0/avr5/libgcc.a(_exit.o)
 .debug_line    0x000000000000007e       0x97 /usr/local/Cellar/avr-gcc/8.2.0/lib/avr-gcc/8/gcc/avr/8.2.0/avr5/libgcc.a(_copy_data.o)
 .debug_line    0x0000000000000115       0x85 /usr/local/Cellar/avr-gcc/8.2.0/lib/avr-gcc/8/gcc/avr/8.2.0/avr5/libgcc.a(_clear_bss.o)
 .debug_line    0x000000000000019a       0xfd /usr/local/Cellar/avr-gcc/8.2.0/lib/avr-gcc/8/gcc/avr/8.2.0/avr5/libgcc.a(_prologue.o)
 .debug_line    0x0000000000000297       0xf7 /usr/local/Cellar/avr-gcc/8.2.0/lib/avr-gcc/8/gcc/avr/8.2.0/avr5/libgcc.a(_epilogue.o)

.debug_frame
 *(.debug_frame)

.debug_str      0x0000000000000000      0x28b
 *(.debug_str)
 .debug_str     0x0000000000000000      0x208 /usr/local/Cellar/avr-gcc/8.2.0/lib/avr-gcc/8/gcc/avr/8.2.0/../../../../../../avr/lib/avr5/crtatmega328p.o
 .debug_str     0x0000000000000208       0x83 /usr/local/Cellar/avr-gcc/8.2.0/lib/avr-gcc/8/gcc/avr/8.2.0/avr5/libgcc.a(_exit.o)
 .debug_str     0x000000000000028b       0x83 /usr/local/Cellar/avr-gcc/8.2.0/lib/avr-gcc/8/gcc/avr/8.2.0/avr5/libgcc.a(_copy_data.o)
 .debug_str     0x000000000000028b       0x83 /usr/local/Cellar/avr-gcc/8.2.0/lib/avr-gcc/8/gcc/avr/8.2.0/avr5/libgcc.a(_clear_bss.o)
 .debug_str     0x000000000000028b       0x83 /usr/local/Cellar/avr-gcc/8.2.0/lib/avr-gcc/8/gcc/avr/8.2.0/avr5/libgcc.a(_prologue.o)
 .debug_str     0x000000000000028b       0x83 /usr/local/Cellar/avr-gcc/8.2.0/lib/avr-gcc/8/gcc/avr/8.2.0/avr5/libgcc.a(_epilogue.o)

.debug_loc
 *(.debug_loc)

.debug_macinfo
 *(.debug_macinfo)

.debug_weaknames
 *(.debug_weaknames)

.debug_funcnames
 *(.debug_funcnames)

.debug_typenames
 *(.debug_typenames)

.debug_varnames
 *(.debug_varnames)

.debug_pubtypes
 *(.debug_pubtypes)

.debug_ranges
 *(.debug_ranges)

.debug_macro
 *(.debug_macro)

.debug_addr
 *(.debug_addr)
OUTPUT(lab05.elf elf32-avr)
LOAD linker stubs
